Component: ARM Compiler 5.06 update 7 (build 960) Tool: armlink [4d3601]

==============================================================================

Section Cross References

    startup_lpc17xx.o(RESET) refers to startup_lpc17xx.o(STACK) for __initial_sp
    startup_lpc17xx.o(RESET) refers to startup_lpc17xx.o(.text) for Reset_Handler
    startup_lpc17xx.o(RESET) refers to hal_cm3.o(.emb_text) for SVC_Handler
    startup_lpc17xx.o(.text) refers to system_lpc17xx.o(.text) for SystemInit
    startup_lpc17xx.o(.text) refers to entry.o(.ARM.Collect$$$$00000000) for __main
    system_lpc17xx.o(.text) refers to uldiv.o(.text) for __aeabi_uldivmod
    system_lpc17xx.o(.text) refers to system_lpc17xx.o(.data) for .data
    glcd_spi_lpc1700.o(.text) refers to glcd_spi_lpc1700.o(.data) for .data
    glcd_spi_lpc1700.o(.text) refers to glcd_spi_lpc1700.o(.constdata) for .constdata
    led.o(.text) refers to led.o(.constdata) for .constdata
    blinky.o(.text) refers to led.o(.text) for LED_On
    blinky.o(.text) refers to glcd_spi_lpc1700.o(.text) for GLCD_SetBackColor
    blinky.o(.text) refers to hal_cm3.o(.emb_text) for os_set_env
    blinky.o(.text) refers to blinky.o(.bss) for .bss
    blinky.o(.text) refers to rt_mutex.o(i.rt_mut_wait) for rt_mut_wait
    blinky.o(.text) refers to rt_mutex.o(i.rt_mut_release) for rt_mut_release
    blinky.o(.text) refers to blinky.o(.data) for .data
    blinky.o(.text) refers to rt_event.o(i.rt_evt_set) for rt_evt_set
    blinky.o(.text) refers to rt_time.o(i.rt_dly_wait) for rt_dly_wait
    blinky.o(.text) refers to rt_event.o(i.rt_evt_wait) for rt_evt_wait
    blinky.o(.text) refers to rt_mutex.o(i.rt_mut_init) for rt_mut_init
    blinky.o(.text) refers to rt_task.o(i.rt_tsk_create) for rt_tsk_create
    blinky.o(.text) refers to rt_task.o(i.rt_tsk_delete) for rt_tsk_delete
    blinky.o(.text) refers to rt_task.o(i.rt_sys_init) for rt_sys_init
    rt_task.o(i.rt_block) refers to rt_list.o(i.rt_put_dly) for rt_put_dly
    rt_task.o(i.rt_block) refers to rt_list.o(i.rt_get_first) for rt_get_first
    rt_task.o(i.rt_block) refers to rt_task.o(i.rt_switch_req) for rt_switch_req
    rt_task.o(i.rt_block) refers to rt_task.o(.data) for .data
    rt_task.o(i.rt_block) refers to rt_list.o(.bss) for os_rdy
    rt_task.o(i.rt_dispatch) refers to rt_list.o(i.rt_put_rdy_first) for rt_put_rdy_first
    rt_task.o(i.rt_dispatch) refers to rt_task.o(i.rt_switch_req) for rt_switch_req
    rt_task.o(i.rt_dispatch) refers to rt_list.o(i.rt_get_first) for rt_get_first
    rt_task.o(i.rt_dispatch) refers to rt_list.o(i.rt_put_prio) for rt_put_prio
    rt_task.o(i.rt_dispatch) refers to rt_task.o(.data) for .data
    rt_task.o(i.rt_dispatch) refers to rt_list.o(.bss) for os_rdy
    rt_task.o(i.rt_init_context) refers to rt_membox.o(i.rt_alloc_box) for rt_alloc_box
    rt_task.o(i.rt_init_context) refers to hal_cm3.o(i.rt_init_stack) for rt_init_stack
    rt_task.o(i.rt_init_context) refers to rtx_conf_cm.o(.bss) for mp_stk
    rt_task.o(i.rt_switch_req) refers to hal_cm3.o(i.dbg_task_switch) for dbg_task_switch
    rt_task.o(i.rt_switch_req) refers to rt_task.o(.data) for .data
    rt_task.o(i.rt_switch_req) refers to hal_cm3.o(.data) for dbg_msg
    rt_task.o(i.rt_sys_init) refers to hal_cm3.o(i.dbg_init) for dbg_init
    rt_task.o(i.rt_sys_init) refers to rt_membox.o(i._init_box) for _init_box
    rt_task.o(i.rt_sys_init) refers to rt_task.o(i.rt_init_context) for rt_init_context
    rt_task.o(i.rt_sys_init) refers to hal_cm3.o(.emb_text) for rt_set_PSP
    rt_task.o(i.rt_sys_init) refers to rt_robin.o(i.rt_init_robin) for rt_init_robin
    rt_task.o(i.rt_sys_init) refers to rt_system.o(i.os_tick_init) for os_tick_init
    rt_task.o(i.rt_sys_init) refers to rt_task.o(i.rt_tsk_create) for rt_tsk_create
    rt_task.o(i.rt_sys_init) refers to rtx_conf_cm.o(.bss) for os_active_TCB
    rt_task.o(i.rt_sys_init) refers to rtx_conf_cm.o(.constdata) for os_maxtaskrun
    rt_task.o(i.rt_sys_init) refers to rtx_conf_cm.o(.constdata) for mp_tcb_size
    rt_task.o(i.rt_sys_init) refers to rtx_conf_cm.o(.bss) for mp_tcb
    rt_task.o(i.rt_sys_init) refers to rtx_conf_cm.o(.constdata) for os_stackinfo
    rt_task.o(i.rt_sys_init) refers to rtx_conf_cm.o(.constdata) for mp_stk_size
    rt_task.o(i.rt_sys_init) refers to rtx_conf_cm.o(.bss) for mp_stk
    rt_task.o(i.rt_sys_init) refers to rtx_conf_cm.o(.constdata) for mp_tmr_size
    rt_task.o(i.rt_sys_init) refers to rtx_conf_cm.o(.data) for m_tmr
    rt_task.o(i.rt_sys_init) refers to rt_task.o(.bss) for .bss
    rt_task.o(i.rt_sys_init) refers to rtx_conf_cm.o(.text) for os_idle_demon
    rt_task.o(i.rt_sys_init) refers to rt_list.o(.bss) for os_rdy
    rt_task.o(i.rt_sys_init) refers to rt_task.o(.data) for .data
    rt_task.o(i.rt_sys_init) refers to rtx_conf_cm.o(.bss) for os_fifo
    rt_task.o(i.rt_sys_init) refers to rtx_conf_cm.o(.constdata) for os_fifo_size
    rt_task.o(i.rt_sys_init) refers to rt_system.o(.data) for os_tick_irqn
    rt_task.o(i.rt_tsk_create) refers to rt_membox.o(i.rt_alloc_box) for rt_alloc_box
    rt_task.o(i.rt_tsk_create) refers to rt_task.o(i.rt_init_context) for rt_init_context
    rt_task.o(i.rt_tsk_create) refers to hal_cm3.o(i.dbg_task_notify) for dbg_task_notify
    rt_task.o(i.rt_tsk_create) refers to rt_task.o(i.rt_dispatch) for rt_dispatch
    rt_task.o(i.rt_tsk_create) refers to rtx_conf_cm.o(.bss) for mp_tcb
    rt_task.o(i.rt_tsk_create) refers to rtx_conf_cm.o(.bss) for os_active_TCB
    rt_task.o(i.rt_tsk_create) refers to rtx_conf_cm.o(.constdata) for os_maxtaskrun
    rt_task.o(i.rt_tsk_create) refers to hal_cm3.o(.data) for dbg_msg
    rt_task.o(i.rt_tsk_create) refers to rt_task.o(.data) for .data
    rt_task.o(i.rt_tsk_delete) refers to hal_cm3.o(.emb_text) for rt_get_PSP
    rt_task.o(i.rt_tsk_delete) refers to rt_system.o(i.rt_stk_check) for rt_stk_check
    rt_task.o(i.rt_tsk_delete) refers to rt_list.o(i.rt_get_first) for rt_get_first
    rt_task.o(i.rt_tsk_delete) refers to rt_list.o(i.rt_rmv_dly) for rt_rmv_dly
    rt_task.o(i.rt_tsk_delete) refers to rt_list.o(i.rt_put_prio) for rt_put_prio
    rt_task.o(i.rt_tsk_delete) refers to rt_membox.o(i.rt_free_box) for rt_free_box
    rt_task.o(i.rt_tsk_delete) refers to hal_cm3.o(i.dbg_task_notify) for dbg_task_notify
    rt_task.o(i.rt_tsk_delete) refers to rt_list.o(i.rt_rmv_list) for rt_rmv_list
    rt_task.o(i.rt_tsk_delete) refers to rt_task.o(i.rt_dispatch) for rt_dispatch
    rt_task.o(i.rt_tsk_delete) refers to hal_cm3.o(.data) for dbg_msg
    rt_task.o(i.rt_tsk_delete) refers to rtx_conf_cm.o(.bss) for os_active_TCB
    rt_task.o(i.rt_tsk_delete) refers to rt_task.o(.data) for .data
    rt_task.o(i.rt_tsk_delete) refers to rt_list.o(.bss) for os_rdy
    rt_task.o(i.rt_tsk_delete) refers to rtx_conf_cm.o(.bss) for mp_stk
    rt_task.o(i.rt_tsk_delete) refers to rtx_conf_cm.o(.bss) for mp_tcb
    rt_task.o(i.rt_tsk_delete) refers to rtx_conf_cm.o(.constdata) for os_maxtaskrun
    rt_task.o(i.rt_tsk_pass) refers to rt_list.o(i.rt_get_same_rdy_prio) for rt_get_same_rdy_prio
    rt_task.o(i.rt_tsk_pass) refers to rt_list.o(i.rt_put_prio) for rt_put_prio
    rt_task.o(i.rt_tsk_pass) refers to rt_task.o(i.rt_switch_req) for rt_switch_req
    rt_task.o(i.rt_tsk_pass) refers to rt_task.o(.data) for .data
    rt_task.o(i.rt_tsk_pass) refers to rt_list.o(.bss) for os_rdy
    rt_task.o(i.rt_tsk_prio) refers to rt_list.o(i.rt_put_prio) for rt_put_prio
    rt_task.o(i.rt_tsk_prio) refers to rt_list.o(i.rt_resort_prio) for rt_resort_prio
    rt_task.o(i.rt_tsk_prio) refers to rt_list.o(i.rt_get_first) for rt_get_first
    rt_task.o(i.rt_tsk_prio) refers to rt_task.o(i.rt_dispatch) for rt_dispatch
    rt_task.o(i.rt_tsk_prio) refers to rt_task.o(.data) for .data
    rt_task.o(i.rt_tsk_prio) refers to rtx_conf_cm.o(.constdata) for os_maxtaskrun
    rt_task.o(i.rt_tsk_prio) refers to rtx_conf_cm.o(.bss) for os_active_TCB
    rt_task.o(i.rt_tsk_prio) refers to rt_list.o(.bss) for os_rdy
    rt_task.o(i.rt_tsk_self) refers to rt_task.o(.data) for .data
    rt_event.o(i.isr_evt_set) refers to rt_list.o(i.rt_psq_enq) for rt_psq_enq
    rt_event.o(i.isr_evt_set) refers to rt_system.o(i.rt_psh_req) for rt_psh_req
    rt_event.o(i.isr_evt_set) refers to rtx_conf_cm.o(.bss) for os_active_TCB
    rt_event.o(i.rt_evt_clr) refers to rtx_conf_cm.o(.bss) for os_active_TCB
    rt_event.o(i.rt_evt_get) refers to rt_task.o(.data) for os_tsk
    rt_event.o(i.rt_evt_psh) refers to rt_list.o(i.rt_rmv_dly) for rt_rmv_dly
    rt_event.o(i.rt_evt_psh) refers to rt_list.o(i.rt_put_prio) for rt_put_prio
    rt_event.o(i.rt_evt_psh) refers to rt_list.o(.bss) for os_rdy
    rt_event.o(i.rt_evt_set) refers to rt_list.o(i.rt_rmv_dly) for rt_rmv_dly
    rt_event.o(i.rt_evt_set) refers to rt_task.o(i.rt_dispatch) for rt_dispatch
    rt_event.o(i.rt_evt_set) refers to rtx_conf_cm.o(.bss) for os_active_TCB
    rt_event.o(i.rt_evt_wait) refers to rt_task.o(i.rt_block) for rt_block
    rt_event.o(i.rt_evt_wait) refers to rt_task.o(.data) for os_tsk
    rt_time.o(i.rt_dly_wait) refers to rt_task.o(i.rt_block) for rt_block
    rt_time.o(i.rt_itv_set) refers to rt_task.o(.data) for os_tsk
    rt_time.o(i.rt_itv_set) refers to rt_time.o(.data) for .data
    rt_time.o(i.rt_itv_wait) refers to rt_task.o(i.rt_block) for rt_block
    rt_time.o(i.rt_itv_wait) refers to rt_task.o(.data) for os_tsk
    rt_time.o(i.rt_itv_wait) refers to rt_time.o(.data) for .data
    rt_time.o(i.rt_time_get) refers to rt_time.o(.data) for .data
    rt_mutex.o(i.rt_mut_release) refers to rt_list.o(i.rt_get_first) for rt_get_first
    rt_mutex.o(i.rt_mut_release) refers to rt_list.o(i.rt_rmv_dly) for rt_rmv_dly
    rt_mutex.o(i.rt_mut_release) refers to rt_list.o(i.rt_put_prio) for rt_put_prio
    rt_mutex.o(i.rt_mut_release) refers to rt_task.o(i.rt_dispatch) for rt_dispatch
    rt_mutex.o(i.rt_mut_release) refers to rt_task.o(.data) for os_tsk
    rt_mutex.o(i.rt_mut_release) refers to rt_list.o(.bss) for os_rdy
    rt_mutex.o(i.rt_mut_wait) refers to rt_list.o(i.rt_resort_prio) for rt_resort_prio
    rt_mutex.o(i.rt_mut_wait) refers to rt_list.o(i.rt_put_prio) for rt_put_prio
    rt_mutex.o(i.rt_mut_wait) refers to rt_task.o(i.rt_block) for rt_block
    rt_mutex.o(i.rt_mut_wait) refers to rt_task.o(.data) for os_tsk
    hal_cm3.o(.emb_text) refers to rtx_conf_cm.o(.constdata) for os_flags
    hal_cm3.o(.emb_text) refers to rt_membox.o(i.rt_alloc_box) for rt_alloc_box
    hal_cm3.o(.emb_text) refers to rt_membox.o(i.rt_free_box) for rt_free_box
    hal_cm3.o(.emb_text) refers to rt_system.o(i.rt_stk_check) for rt_stk_check
    hal_cm3.o(.emb_text) refers to rt_task.o(.data) for os_tsk
    hal_cm3.o(.emb_text) refers to svc_table.o(SVC_TABLE) for SVC_Count
    hal_cm3.o(.emb_text) refers to rt_system.o(i.rt_pop_req) for rt_pop_req
    hal_cm3.o(.emb_text) refers to rt_system.o(i.rt_systick) for rt_systick
    hal_cm3.o(.emb_text) refers to rt_system.o(i.os_tick_irqack) for os_tick_irqack
    hal_cm3.o(i.dbg_init) refers to hal_cm3.o(.data) for .data
    hal_cm3.o(i.rt_init_stack) refers to rtx_conf_cm.o(.constdata) for os_stackinfo
    rt_system.o(i.os_tick_init) refers to rtx_conf_cm.o(.constdata) for os_trv
    rt_system.o(i.rt_pop_req) refers to rt_list.o(i.rt_put_rdy_first) for rt_put_rdy_first
    rt_system.o(i.rt_pop_req) refers to rt_semaphore.o(i.rt_sem_psh) for rt_sem_psh
    rt_system.o(i.rt_pop_req) refers to rt_list.o(i.rt_get_first) for rt_get_first
    rt_system.o(i.rt_pop_req) refers to rt_task.o(i.rt_switch_req) for rt_switch_req
    rt_system.o(i.rt_pop_req) refers to rt_event.o(i.rt_evt_psh) for rt_evt_psh
    rt_system.o(i.rt_pop_req) refers to rt_mailbox.o(i.rt_mbx_psh) for rt_mbx_psh
    rt_system.o(i.rt_pop_req) refers to rt_task.o(.data) for os_tsk
    rt_system.o(i.rt_pop_req) refers to rtx_conf_cm.o(.bss) for os_fifo
    rt_system.o(i.rt_pop_req) refers to rt_list.o(.bss) for os_rdy
    rt_system.o(i.rt_psh_req) refers to rt_system.o(.data) for .data
    rt_system.o(i.rt_resume) refers to rt_list.o(i.rt_put_rdy_first) for rt_put_rdy_first
    rt_system.o(i.rt_resume) refers to rt_list.o(i.rt_dec_dly) for rt_dec_dly
    rt_system.o(i.rt_resume) refers to rt_timer.o(i.rt_tmr_tick) for rt_tmr_tick
    rt_system.o(i.rt_resume) refers to rt_list.o(i.rt_get_first) for rt_get_first
    rt_system.o(i.rt_resume) refers to rt_task.o(i.rt_switch_req) for rt_switch_req
    rt_system.o(i.rt_resume) refers to rt_system.o(i.rt_tsk_unlock) for rt_tsk_unlock
    rt_system.o(i.rt_resume) refers to rt_task.o(.data) for os_tsk
    rt_system.o(i.rt_resume) refers to rt_robin.o(.data) for os_robin
    rt_system.o(i.rt_resume) refers to rt_list.o(.bss) for os_dly
    rt_system.o(i.rt_resume) refers to rt_time.o(.data) for os_time
    rt_system.o(i.rt_resume) refers to rt_timer.o(.data) for os_tmr
    rt_system.o(i.rt_stk_check) refers to rtx_conf_cm.o(.text) for os_error
    rt_system.o(i.rt_stk_check) refers to rt_task.o(.data) for os_tsk
    rt_system.o(i.rt_suspend) refers to rt_system.o(i.rt_tsk_lock) for rt_tsk_lock
    rt_system.o(i.rt_suspend) refers to rt_list.o(.bss) for os_dly
    rt_system.o(i.rt_suspend) refers to rt_timer.o(.data) for os_tmr
    rt_system.o(i.rt_systick) refers to rt_list.o(i.rt_put_rdy_first) for rt_put_rdy_first
    rt_system.o(i.rt_systick) refers to rt_robin.o(i.rt_chk_robin) for rt_chk_robin
    rt_system.o(i.rt_systick) refers to rt_list.o(i.rt_dec_dly) for rt_dec_dly
    rt_system.o(i.rt_systick) refers to rt_timer.o(i.rt_tmr_tick) for rt_tmr_tick
    rt_system.o(i.rt_systick) refers to rt_list.o(i.rt_get_first) for rt_get_first
    rt_system.o(i.rt_systick) refers to rt_task.o(i.rt_switch_req) for rt_switch_req
    rt_system.o(i.rt_systick) refers to rt_task.o(.data) for os_tsk
    rt_system.o(i.rt_systick) refers to rt_time.o(.data) for os_time
    rt_system.o(i.rt_systick) refers to rt_list.o(.bss) for os_rdy
    rt_system.o(i.rt_tsk_lock) refers to rt_system.o(.data) for .data
    rt_system.o(i.rt_tsk_unlock) refers to rt_system.o(.data) for .data
    rt_list.o(i.rt_dec_dly) refers to rt_list.o(i.rt_put_prio) for rt_put_prio
    rt_list.o(i.rt_dec_dly) refers to rt_list.o(.bss) for .bss
    rt_list.o(i.rt_dec_dly) refers to rt_time.o(.data) for os_time
    rt_list.o(i.rt_get_same_rdy_prio) refers to rt_list.o(.bss) for .bss
    rt_list.o(i.rt_get_same_rdy_prio) refers to rt_task.o(.data) for os_tsk
    rt_list.o(i.rt_psq_enq) refers to rtx_conf_cm.o(.text) for os_error
    rt_list.o(i.rt_psq_enq) refers to rtx_conf_cm.o(.bss) for os_fifo
    rt_list.o(i.rt_put_dly) refers to rt_list.o(.bss) for .bss
    rt_list.o(i.rt_put_rdy_first) refers to rt_list.o(.bss) for .bss
    rt_list.o(i.rt_resort_prio) refers to rt_list.o(i.rt_rmv_list) for rt_rmv_list
    rt_list.o(i.rt_resort_prio) refers to rt_list.o(i.rt_put_prio) for rt_put_prio
    rt_list.o(i.rt_resort_prio) refers to rt_list.o(.bss) for .bss
    rt_list.o(i.rt_rmv_list) refers to rt_list.o(.bss) for .bss
    rt_robin.o(i.rt_chk_robin) refers to rt_list.o(i.rt_get_first) for rt_get_first
    rt_robin.o(i.rt_chk_robin) refers to rt_list.o(i.rt_put_prio) for rt_put_prio
    rt_robin.o(i.rt_chk_robin) refers to rt_robin.o(.data) for .data
    rt_robin.o(i.rt_chk_robin) refers to rt_list.o(.bss) for os_rdy
    rt_robin.o(i.rt_chk_robin) refers to rt_time.o(.data) for os_time
    rt_robin.o(i.rt_init_robin) refers to rt_robin.o(.data) for .data
    rt_robin.o(i.rt_init_robin) refers to rtx_conf_cm.o(.constdata) for os_rrobin
    rt_membox.o(i._calloc_box) refers to hal_cm3.o(.emb_text) for _alloc_box
    rt_mailbox.o(i.isr_mbx_receive) refers to rt_list.o(i.rt_psq_enq) for rt_psq_enq
    rt_mailbox.o(i.isr_mbx_receive) refers to rt_system.o(i.rt_psh_req) for rt_psh_req
    rt_mailbox.o(i.isr_mbx_send) refers to rt_list.o(i.rt_psq_enq) for rt_psq_enq
    rt_mailbox.o(i.isr_mbx_send) refers to rt_system.o(i.rt_psh_req) for rt_psh_req
    rt_mailbox.o(i.rt_mbx_psh) refers to rt_list.o(i.rt_get_first) for rt_get_first
    rt_mailbox.o(i.rt_mbx_psh) refers to rt_list.o(i.rt_rmv_dly) for rt_rmv_dly
    rt_mailbox.o(i.rt_mbx_psh) refers to rt_list.o(i.rt_put_prio) for rt_put_prio
    rt_mailbox.o(i.rt_mbx_psh) refers to rtx_conf_cm.o(.text) for os_error
    rt_mailbox.o(i.rt_mbx_psh) refers to rt_list.o(.bss) for os_rdy
    rt_mailbox.o(i.rt_mbx_send) refers to rt_list.o(i.rt_put_prio) for rt_put_prio
    rt_mailbox.o(i.rt_mbx_send) refers to rt_list.o(i.rt_get_first) for rt_get_first
    rt_mailbox.o(i.rt_mbx_send) refers to rt_list.o(i.rt_rmv_dly) for rt_rmv_dly
    rt_mailbox.o(i.rt_mbx_send) refers to rt_task.o(i.rt_dispatch) for rt_dispatch
    rt_mailbox.o(i.rt_mbx_send) refers to rt_task.o(i.rt_block) for rt_block
    rt_mailbox.o(i.rt_mbx_send) refers to rt_task.o(.data) for os_tsk
    rt_mailbox.o(i.rt_mbx_wait) refers to rt_list.o(i.rt_get_first) for rt_get_first
    rt_mailbox.o(i.rt_mbx_wait) refers to rt_list.o(i.rt_rmv_dly) for rt_rmv_dly
    rt_mailbox.o(i.rt_mbx_wait) refers to rt_task.o(i.rt_dispatch) for rt_dispatch
    rt_mailbox.o(i.rt_mbx_wait) refers to rt_list.o(i.rt_put_prio) for rt_put_prio
    rt_mailbox.o(i.rt_mbx_wait) refers to rt_task.o(i.rt_block) for rt_block
    rt_mailbox.o(i.rt_mbx_wait) refers to rt_task.o(.data) for os_tsk
    rt_semaphore.o(i.isr_sem_send) refers to rt_list.o(i.rt_psq_enq) for rt_psq_enq
    rt_semaphore.o(i.isr_sem_send) refers to rt_system.o(i.rt_psh_req) for rt_psh_req
    rt_semaphore.o(i.rt_sem_psh) refers to rt_list.o(i.rt_get_first) for rt_get_first
    rt_semaphore.o(i.rt_sem_psh) refers to rt_list.o(i.rt_rmv_dly) for rt_rmv_dly
    rt_semaphore.o(i.rt_sem_psh) refers to rt_list.o(i.rt_put_prio) for rt_put_prio
    rt_semaphore.o(i.rt_sem_psh) refers to rt_list.o(.bss) for os_rdy
    rt_semaphore.o(i.rt_sem_send) refers to rt_list.o(i.rt_get_first) for rt_get_first
    rt_semaphore.o(i.rt_sem_send) refers to rt_list.o(i.rt_rmv_dly) for rt_rmv_dly
    rt_semaphore.o(i.rt_sem_send) refers to rt_task.o(i.rt_dispatch) for rt_dispatch
    rt_semaphore.o(i.rt_sem_send) refers to rt_task.o(.data) for os_tsk
    rt_semaphore.o(i.rt_sem_wait) refers to rt_list.o(i.rt_put_prio) for rt_put_prio
    rt_semaphore.o(i.rt_sem_wait) refers to rt_task.o(i.rt_block) for rt_block
    rt_semaphore.o(i.rt_sem_wait) refers to rt_task.o(.data) for os_tsk
    rt_timer.o(i.rt_tmr_create) refers to rt_membox.o(i.rt_alloc_box) for rt_alloc_box
    rt_timer.o(i.rt_tmr_create) refers to rtx_conf_cm.o(.data) for m_tmr
    rt_timer.o(i.rt_tmr_create) refers to rt_timer.o(.data) for .data
    rt_timer.o(i.rt_tmr_kill) refers to rt_membox.o(i.rt_free_box) for rt_free_box
    rt_timer.o(i.rt_tmr_kill) refers to rt_timer.o(.data) for .data
    rt_timer.o(i.rt_tmr_kill) refers to rtx_conf_cm.o(.data) for m_tmr
    rt_timer.o(i.rt_tmr_tick) refers to rtx_conf_cm.o(.text) for os_tmr_call
    rt_timer.o(i.rt_tmr_tick) refers to rt_membox.o(i.rt_free_box) for rt_free_box
    rt_timer.o(i.rt_tmr_tick) refers to rt_timer.o(.data) for .data
    rt_timer.o(i.rt_tmr_tick) refers to rtx_conf_cm.o(.data) for m_tmr
    entry.o(.ARM.Collect$$$$00000000) refers (Special) to entry10a.o(.ARM.Collect$$$$0000000F) for __rt_final_cpp
    entry.o(.ARM.Collect$$$$00000000) refers (Special) to entry11a.o(.ARM.Collect$$$$00000011) for __rt_final_exit
    entry.o(.ARM.Collect$$$$00000000) refers (Special) to entry12b.o(.ARM.Collect$$$$0000000E) for __rt_lib_shutdown_fini
    entry.o(.ARM.Collect$$$$00000000) refers (Special) to entry7b.o(.ARM.Collect$$$$00000008) for _main_clock
    entry.o(.ARM.Collect$$$$00000000) refers (Special) to entry8b.o(.ARM.Collect$$$$0000000A) for _main_cpp_init
    entry.o(.ARM.Collect$$$$00000000) refers (Special) to entry9a.o(.ARM.Collect$$$$0000000B) for _main_init
    entry.o(.ARM.Collect$$$$00000000) refers (Special) to entry5.o(.ARM.Collect$$$$00000004) for _main_scatterload
    entry.o(.ARM.Collect$$$$00000000) refers (Special) to entry2.o(.ARM.Collect$$$$00000001) for _main_stk
    uldiv.o(.text) refers to llushr.o(.text) for __aeabi_llsr
    uldiv.o(.text) refers to llshl.o(.text) for __aeabi_llsl
    entry2.o(.ARM.Collect$$$$00000001) refers to entry2.o(.ARM.Collect$$$$00002712) for __lit__00000000
    entry2.o(.ARM.Collect$$$$00002712) refers to startup_lpc17xx.o(STACK) for __initial_sp
    entry2.o(__vectab_stack_and_reset_area) refers to startup_lpc17xx.o(STACK) for __initial_sp
    entry2.o(__vectab_stack_and_reset_area) refers to entry.o(.ARM.Collect$$$$00000000) for __main
    entry5.o(.ARM.Collect$$$$00000004) refers to init.o(.text) for __scatterload
    entry9a.o(.ARM.Collect$$$$0000000B) refers to blinky.o(.text) for main
    entry9b.o(.ARM.Collect$$$$0000000C) refers to blinky.o(.text) for main
    init.o(.text) refers to entry5.o(.ARM.Collect$$$$00000004) for __main_after_scatterload


==============================================================================

Removing Unused input sections from the image.

    Removing startup_lpc17xx.o(HEAP), (0 bytes).
    Removing system_lpc17xx.o(.rev16_text), (4 bytes).
    Removing system_lpc17xx.o(.revsh_text), (4 bytes).
    Removing glcd_spi_lpc1700.o(.rev16_text), (4 bytes).
    Removing glcd_spi_lpc1700.o(.revsh_text), (4 bytes).
    Removing led.o(.rev16_text), (4 bytes).
    Removing led.o(.revsh_text), (4 bytes).
    Removing blinky.o(.rev16_text), (4 bytes).
    Removing blinky.o(.revsh_text), (4 bytes).
    Removing rt_task.o(i.rt_tsk_pass), (48 bytes).
    Removing rt_task.o(i.rt_tsk_prio), (140 bytes).
    Removing rt_task.o(i.rt_tsk_self), (16 bytes).
    Removing rt_event.o(i.isr_evt_set), (40 bytes).
    Removing rt_event.o(i.rt_evt_clr), (28 bytes).
    Removing rt_event.o(i.rt_evt_get), (12 bytes).
    Removing rt_time.o(i.rt_itv_set), (24 bytes).
    Removing rt_time.o(i.rt_itv_wait), (40 bytes).
    Removing rt_time.o(i.rt_time_get), (12 bytes).
    Removing rt_system.o(.emb_text), (0 bytes).
    Removing rt_system.o(i.rt_psh_req), (32 bytes).
    Removing rt_system.o(i.rt_resume), (176 bytes).
    Removing rt_system.o(i.rt_suspend), (44 bytes).
    Removing rt_system.o(i.rt_tsk_lock), (80 bytes).
    Removing rt_system.o(i.rt_tsk_unlock), (80 bytes).
    Removing rt_list.o(i.rt_get_same_rdy_prio), (36 bytes).
    Removing rt_list.o(i.rt_psq_enq), (92 bytes).
    Removing rt_membox.o(i._calloc_box), (30 bytes).
    Removing rt_mailbox.o(i.isr_mbx_receive), (86 bytes).
    Removing rt_mailbox.o(i.isr_mbx_send), (14 bytes).
    Removing rt_mailbox.o(i.rt_mbx_check), (8 bytes).
    Removing rt_mailbox.o(i.rt_mbx_init), (24 bytes).
    Removing rt_mailbox.o(i.rt_mbx_send), (164 bytes).
    Removing rt_mailbox.o(i.rt_mbx_wait), (188 bytes).
    Removing rt_semaphore.o(i.isr_sem_send), (16 bytes).
    Removing rt_semaphore.o(i.rt_sem_init), (12 bytes).
    Removing rt_semaphore.o(i.rt_sem_send), (56 bytes).
    Removing rt_semaphore.o(i.rt_sem_wait), (64 bytes).
    Removing rt_timer.o(i.rt_tmr_create), (80 bytes).
    Removing rt_timer.o(i.rt_tmr_kill), (52 bytes).

39 unused section(s) (total 1726 bytes) removed from the image.

==============================================================================

Image Symbol Table

    Local Symbols

    Symbol Name                              Value     Ov Type        Size  Object(Section)

    RESET                                    0x00000000   Section      204  startup_lpc17xx.o(RESET)
    ../clib/microlib/division.c              0x00000000   Number         0  uldiv.o ABSOLUTE
    ../clib/microlib/init/entry.s            0x00000000   Number         0  entry.o ABSOLUTE
    ../clib/microlib/init/entry.s            0x00000000   Number         0  entry2.o ABSOLUTE
    ../clib/microlib/init/entry.s            0x00000000   Number         0  entry7a.o ABSOLUTE
    ../clib/microlib/init/entry.s            0x00000000   Number         0  entry5.o ABSOLUTE
    ../clib/microlib/init/entry.s            0x00000000   Number         0  entry9a.o ABSOLUTE
    ../clib/microlib/init/entry.s            0x00000000   Number         0  entry11a.o ABSOLUTE
    ../clib/microlib/init/entry.s            0x00000000   Number         0  entry8b.o ABSOLUTE
    ../clib/microlib/init/entry.s            0x00000000   Number         0  entry8a.o ABSOLUTE
    ../clib/microlib/init/entry.s            0x00000000   Number         0  entry7b.o ABSOLUTE
    ../clib/microlib/init/entry.s            0x00000000   Number         0  entry12b.o ABSOLUTE
    ../clib/microlib/init/entry.s            0x00000000   Number         0  entry12a.o ABSOLUTE
    ../clib/microlib/init/entry.s            0x00000000   Number         0  entry11b.o ABSOLUTE
    ../clib/microlib/init/entry.s            0x00000000   Number         0  entry10b.o ABSOLUTE
    ../clib/microlib/init/entry.s            0x00000000   Number         0  entry10a.o ABSOLUTE
    ../clib/microlib/init/entry.s            0x00000000   Number         0  entry9b.o ABSOLUTE
    ../clib/microlib/longlong.c              0x00000000   Number         0  llushr.o ABSOLUTE
    ../clib/microlib/longlong.c              0x00000000   Number         0  llshl.o ABSOLUTE
    Blinky.c                                 0x00000000   Number         0  blinky.o ABSOLUTE
    Blinky.c                                 0x00000000   Number         0  blinky.o ABSOLUTE
    GLCD_SPI_LPC1700.c                       0x00000000   Number         0  glcd_spi_lpc1700.o ABSOLUTE
    GLCD_SPI_LPC1700.c                       0x00000000   Number         0  glcd_spi_lpc1700.o ABSOLUTE
    LED.c                                    0x00000000   Number         0  led.o ABSOLUTE
    LED.c                                    0x00000000   Number         0  led.o ABSOLUTE
    RTX_Conf_CM.c                            0x00000000   Number         0  rtx_conf_cm.o ABSOLUTE
    SRC\CM\HAL_CM3.c                         0x00000000   Number         0  hal_cm3.o ABSOLUTE
    SRC\CM\SVC_Table.s                       0x00000000   Number         0  svc_table.o ABSOLUTE
    SRC\CM\rt_Event.c                        0x00000000   Number         0  rt_event.o ABSOLUTE
    SRC\CM\rt_List.c                         0x00000000   Number         0  rt_list.o ABSOLUTE
    SRC\CM\rt_Mailbox.c                      0x00000000   Number         0  rt_mailbox.o ABSOLUTE
    SRC\CM\rt_MemBox.c                       0x00000000   Number         0  rt_membox.o ABSOLUTE
    SRC\CM\rt_Mutex.c                        0x00000000   Number         0  rt_mutex.o ABSOLUTE
    SRC\CM\rt_Robin.c                        0x00000000   Number         0  rt_robin.o ABSOLUTE
    SRC\CM\rt_Semaphore.c                    0x00000000   Number         0  rt_semaphore.o ABSOLUTE
    SRC\CM\rt_System.c                       0x00000000   Number         0  rt_system.o ABSOLUTE
    SRC\CM\rt_Task.c                         0x00000000   Number         0  rt_task.o ABSOLUTE
    SRC\CM\rt_Time.c                         0x00000000   Number         0  rt_time.o ABSOLUTE
    SRC\CM\rt_Timer.c                        0x00000000   Number         0  rt_timer.o ABSOLUTE
    SRC\\CM\\HAL_CM3.c                       0x00000000   Number         0  hal_cm3.o ABSOLUTE
    SRC\\CM\\rt_System.c                     0x00000000   Number         0  rt_system.o ABSOLUTE
    dc.s                                     0x00000000   Number         0  dc.o ABSOLUTE
    handlers.s                               0x00000000   Number         0  handlers.o ABSOLUTE
    init.s                                   0x00000000   Number         0  init.o ABSOLUTE
    startup_LPC17xx.s                        0x00000000   Number         0  startup_lpc17xx.o ABSOLUTE
    system_LPC17xx.c                         0x00000000   Number         0  system_lpc17xx.o ABSOLUTE
    system_LPC17xx.c                         0x00000000   Number         0  system_lpc17xx.o ABSOLUTE
    .ARM.Collect$$$$00000000                 0x000000cc   Section        0  entry.o(.ARM.Collect$$$$00000000)
    .ARM.Collect$$$$00000001                 0x000000cc   Section        4  entry2.o(.ARM.Collect$$$$00000001)
    .ARM.Collect$$$$00000004                 0x000000d0   Section        4  entry5.o(.ARM.Collect$$$$00000004)
    .ARM.Collect$$$$00000008                 0x000000d4   Section        0  entry7b.o(.ARM.Collect$$$$00000008)
    .ARM.Collect$$$$0000000A                 0x000000d4   Section        0  entry8b.o(.ARM.Collect$$$$0000000A)
    .ARM.Collect$$$$0000000B                 0x000000d4   Section        8  entry9a.o(.ARM.Collect$$$$0000000B)
    .ARM.Collect$$$$0000000E                 0x000000dc   Section        4  entry12b.o(.ARM.Collect$$$$0000000E)
    .ARM.Collect$$$$0000000F                 0x000000e0   Section        0  entry10a.o(.ARM.Collect$$$$0000000F)
    .ARM.Collect$$$$00000011                 0x000000e0   Section        0  entry11a.o(.ARM.Collect$$$$00000011)
    .ARM.Collect$$$$00002712                 0x000000e0   Section        4  entry2.o(.ARM.Collect$$$$00002712)
    __lit__00000000                          0x000000e0   Data           4  entry2.o(.ARM.Collect$$$$00002712)
    .emb_text                                0x000000e4   Section      340  hal_cm3.o(.emb_text)
    .text                                    0x00000238   Section       36  startup_lpc17xx.o(.text)
    .text                                    0x0000025c   Section        0  rtx_conf_cm.o(.text)
    .text                                    0x00000264   Section        0  led.o(.text)
    SVC_TABLE                                0x000002ec   Section        4  svc_table.o(SVC_TABLE)
    i.__scatterload_null                     0x000002f0   Section        2  handlers.o(i.__scatterload_null)
    i.os_tick_irqack                         0x000002f2   Section        0  rt_system.o(i.os_tick_irqack)
    i.rt_dly_wait                            0x000002f4   Section        0  rt_time.o(i.rt_dly_wait)
    .constdata                               0x000002fa   Section        2  rtx_conf_cm.o(.constdata)
    .ARM.__at_0x02FC                         0x000002fc   Section        4  startup_lpc17xx.o(.ARM.__at_0x02FC)
    .text                                    0x00000300   Section        0  system_lpc17xx.o(.text)
    .text                                    0x0000049c   Section        0  glcd_spi_lpc1700.o(.text)
    spi_tran_man                             0x0000049d   Thumb Code   106  glcd_spi_lpc1700.o(.text)
    delay                                    0x00000df7   Thumb Code     8  glcd_spi_lpc1700.o(.text)
    spi_tran                                 0x00000dff   Thumb Code    16  glcd_spi_lpc1700.o(.text)
    wr_cmd                                   0x00000e0f   Thumb Code    32  glcd_spi_lpc1700.o(.text)
    wr_dat                                   0x00000e2f   Thumb Code    32  glcd_spi_lpc1700.o(.text)
    wr_dat_start                             0x00000e4f   Thumb Code    10  glcd_spi_lpc1700.o(.text)
    wr_dat_only                              0x00000e59   Thumb Code    18  glcd_spi_lpc1700.o(.text)
    wr_reg                                   0x00000e6b   Thumb Code    16  glcd_spi_lpc1700.o(.text)
    rd_id_man                                0x00000e7b   Thumb Code   130  glcd_spi_lpc1700.o(.text)
    .text                                    0x00000efc   Section        0  blinky.o(.text)
    .text                                    0x0000123c   Section        0  uldiv.o(.text)
    .text                                    0x0000129e   Section        0  llshl.o(.text)
    .text                                    0x000012bc   Section        0  llushr.o(.text)
    .text                                    0x000012dc   Section       36  init.o(.text)
    i.__scatterload_copy                     0x00001300   Section       14  handlers.o(i.__scatterload_copy)
    i.__scatterload_zeroinit                 0x0000130e   Section       14  handlers.o(i.__scatterload_zeroinit)
    i._init_box                              0x0000131c   Section        0  rt_membox.o(i._init_box)
    i.dbg_init                               0x00001364   Section        0  hal_cm3.o(i.dbg_init)
    i.dbg_task_notify                        0x00001394   Section        0  hal_cm3.o(i.dbg_task_notify)
    i.dbg_task_switch                        0x000013b4   Section        0  hal_cm3.o(i.dbg_task_switch)
    i.os_tick_init                           0x000013c4   Section        0  rt_system.o(i.os_tick_init)
    i.rt_alloc_box                           0x000013ec   Section        0  rt_membox.o(i.rt_alloc_box)
    i.rt_block                               0x00001408   Section        0  rt_task.o(i.rt_block)
    i.rt_chk_robin                           0x00001440   Section        0  rt_robin.o(i.rt_chk_robin)
    i.rt_dec_dly                             0x00001488   Section        0  rt_list.o(i.rt_dec_dly)
    i.rt_dispatch                            0x000014fc   Section        0  rt_task.o(i.rt_dispatch)
    i.rt_evt_psh                             0x00001540   Section        0  rt_event.o(i.rt_evt_psh)
    i.rt_evt_set                             0x0000158c   Section        0  rt_event.o(i.rt_evt_set)
    i.rt_evt_wait                            0x000015ec   Section        0  rt_event.o(i.rt_evt_wait)
    i.rt_free_box                            0x00001628   Section        0  rt_membox.o(i.rt_free_box)
    i.rt_get_first                           0x00001648   Section        0  rt_list.o(i.rt_get_first)
    i.rt_init_context                        0x00001670   Section        0  rt_task.o(i.rt_init_context)
    rt_init_context                          0x00001671   Thumb Code    70  rt_task.o(i.rt_init_context)
    i.rt_init_robin                          0x000016bc   Section        0  rt_robin.o(i.rt_init_robin)
    i.rt_init_stack                          0x000016d4   Section        0  hal_cm3.o(i.rt_init_stack)
    i.rt_mbx_psh                             0x00001724   Section        0  rt_mailbox.o(i.rt_mbx_psh)
    i.rt_mut_init                            0x000017f8   Section        0  rt_mutex.o(i.rt_mut_init)
    i.rt_mut_release                         0x00001808   Section        0  rt_mutex.o(i.rt_mut_release)
    i.rt_mut_wait                            0x000018ec   Section        0  rt_mutex.o(i.rt_mut_wait)
    i.rt_pop_req                             0x00001954   Section        0  rt_system.o(i.rt_pop_req)
    i.rt_put_dly                             0x000019d0   Section        0  rt_list.o(i.rt_put_dly)
    i.rt_put_prio                            0x00001a18   Section        0  rt_list.o(i.rt_put_prio)
    i.rt_put_rdy_first                       0x00001a50   Section        0  rt_list.o(i.rt_put_rdy_first)
    i.rt_resort_prio                         0x00001a64   Section        0  rt_list.o(i.rt_resort_prio)
    i.rt_rmv_dly                             0x00001a98   Section        0  rt_list.o(i.rt_rmv_dly)
    i.rt_rmv_list                            0x00001ac0   Section        0  rt_list.o(i.rt_rmv_list)
    i.rt_sem_psh                             0x00001af0   Section        0  rt_semaphore.o(i.rt_sem_psh)
    i.rt_stk_check                           0x00001b24   Section        0  rt_system.o(i.rt_stk_check)
    i.rt_switch_req                          0x00001b48   Section        0  rt_task.o(i.rt_switch_req)
    i.rt_sys_init                            0x00001b70   Section        0  rt_task.o(i.rt_sys_init)
    i.rt_systick                             0x00001cc4   Section        0  rt_system.o(i.rt_systick)
    i.rt_tmr_tick                            0x00001d04   Section        0  rt_timer.o(i.rt_tmr_tick)
    i.rt_tsk_create                          0x00001d44   Section        0  rt_task.o(i.rt_tsk_create)
    i.rt_tsk_delete                          0x00001dd4   Section        0  rt_task.o(i.rt_tsk_delete)
    .constdata                               0x00001f40   Section        4  rtx_conf_cm.o(.constdata)
    .constdata                               0x00001f44   Section        4  rtx_conf_cm.o(.constdata)
    .constdata                               0x00001f48   Section        4  rtx_conf_cm.o(.constdata)
    .constdata                               0x00001f4c   Section        1  rtx_conf_cm.o(.constdata)
    .constdata                               0x00001f50   Section        8  rtx_conf_cm.o(.constdata)
    __tagsym$$used                           0x00001f50   Number         0  rtx_conf_cm.o(.constdata)
    __tagsym$$used                           0x00001f54   Number         0  rtx_conf_cm.o(.constdata)
    .constdata                               0x00001f58   Section        2  rtx_conf_cm.o(.constdata)
    .constdata                               0x00001f5c   Section        4  rtx_conf_cm.o(.constdata)
    .constdata                               0x00001f60   Section        1  rtx_conf_cm.o(.constdata)
    .constdata                               0x00001f62   Section        2  rtx_conf_cm.o(.constdata)
    .constdata                               0x00001f64   Section     6272  glcd_spi_lpc1700.o(.constdata)
    .constdata                               0x000037e4   Section       32  led.o(.constdata)
    .constdata                               0x00003804   Section        4  rt_system.o(.constdata)
    __tagsym$$used                           0x00003804   Number         0  rt_system.o(.constdata)
    .data                                    0x10000000   Section        4  system_lpc17xx.o(.data)
    .data                                    0x10000004   Section        4  rtx_conf_cm.o(.data)
    .data                                    0x10000008   Section        6  glcd_spi_lpc1700.o(.data)
    Himax                                    0x10000008   Data           1  glcd_spi_lpc1700.o(.data)
    Color                                    0x1000000a   Data           4  glcd_spi_lpc1700.o(.data)
    .data                                    0x10000010   Section       24  blinky.o(.data)
    .data                                    0x10000028   Section        8  rt_task.o(.data)
    .data                                    0x10000030   Section        4  rt_time.o(.data)
    .data                                    0x10000034   Section        1  hal_cm3.o(.data)
    .data                                    0x10000038   Section        8  rt_system.o(.data)
    os_lock                                  0x10000038   Data           1  rt_system.o(.data)
    os_psh_flag                              0x10000039   Data           1  rt_system.o(.data)
    pend_flags                               0x1000003a   Data           1  rt_system.o(.data)
    .data                                    0x10000040   Section        8  rt_robin.o(.data)
    .data                                    0x10000048   Section        8  rt_timer.o(.data)
    .bss                                     0x10000050   Section      404  rtx_conf_cm.o(.bss)
    .bss                                     0x100001e8   Section     1616  rtx_conf_cm.o(.bss)
    .bss                                     0x10000838   Section      132  rtx_conf_cm.o(.bss)
    .bss                                     0x100008bc   Section       28  rtx_conf_cm.o(.bss)
    .bss                                     0x100008d8   Section       16  blinky.o(.bss)
    .bss                                     0x100008e8   Section       56  rt_task.o(.bss)
    .bss                                     0x10000920   Section       48  rt_list.o(.bss)
    STACK                                    0x10000950   Section      512  startup_lpc17xx.o(STACK)

    Global Symbols

    Symbol Name                              Value     Ov Type        Size  Object(Section)

    BuildAttributes$$THM_ISAv4$P$D$K$B$S$PE$A:L22UL41UL21$X:L11$S22US41US21$IEEE1$IW$USESV6$~STKCKD$USESV7$~SHL$OSPACE$EBA8$MICROLIB$REQ8$PRES8$EABIv2 0x00000000   Number         0  anon$$obj.o ABSOLUTE
    __ARM_use_no_argv                        0x00000000   Number         0  blinky.o ABSOLUTE
    __Vectors                                0x00000000   Data           4  startup_lpc17xx.o(RESET)
    __arm_fini_                               - Undefined Weak Reference
    __cpp_initialize__aeabi_                  - Undefined Weak Reference
    __cxa_finalize                            - Undefined Weak Reference
    __decompress                              - Undefined Weak Reference
    _clock_init                               - Undefined Weak Reference
    _microlib_exit                            - Undefined Weak Reference
    __main                                   0x000000cd   Thumb Code     0  entry.o(.ARM.Collect$$$$00000000)
    _main_stk                                0x000000cd   Thumb Code     0  entry2.o(.ARM.Collect$$$$00000001)
    _main_scatterload                        0x000000d1   Thumb Code     0  entry5.o(.ARM.Collect$$$$00000004)
    __main_after_scatterload                 0x000000d5   Thumb Code     0  entry5.o(.ARM.Collect$$$$00000004)
    _main_clock                              0x000000d5   Thumb Code     0  entry7b.o(.ARM.Collect$$$$00000008)
    _main_cpp_init                           0x000000d5   Thumb Code     0  entry8b.o(.ARM.Collect$$$$0000000A)
    _main_init                               0x000000d5   Thumb Code     0  entry9a.o(.ARM.Collect$$$$0000000B)
    __rt_lib_shutdown_fini                   0x000000dd   Thumb Code     0  entry12b.o(.ARM.Collect$$$$0000000E)
    __rt_final_cpp                           0x000000e1   Thumb Code     0  entry10a.o(.ARM.Collect$$$$0000000F)
    __rt_final_exit                          0x000000e1   Thumb Code     0  entry11a.o(.ARM.Collect$$$$00000011)
    rt_set_PSP                               0x000000e5   Thumb Code     6  hal_cm3.o(.emb_text)
    rt_get_PSP                               0x000000eb   Thumb Code     6  hal_cm3.o(.emb_text)
    os_set_env                               0x000000f1   Thumb Code    24  hal_cm3.o(.emb_text)
    _alloc_box                               0x0000010d   Thumb Code    28  hal_cm3.o(.emb_text)
    _free_box                                0x0000012d   Thumb Code    28  hal_cm3.o(.emb_text)
    SVC_Handler                              0x0000014d   Thumb Code   124  hal_cm3.o(.emb_text)
    PendSV_Handler                           0x000001d5   Thumb Code    76  hal_cm3.o(.emb_text)
    SysTick_Handler                          0x00000225   Thumb Code     8  hal_cm3.o(.emb_text)
    OS_Tick_Handler                          0x0000022d   Thumb Code    12  hal_cm3.o(.emb_text)
    Reset_Handler                            0x00000239   Thumb Code     8  startup_lpc17xx.o(.text)
    NMI_Handler                              0x00000241   Thumb Code     2  startup_lpc17xx.o(.text)
    HardFault_Handler                        0x00000243   Thumb Code     2  startup_lpc17xx.o(.text)
    MemManage_Handler                        0x00000245   Thumb Code     2  startup_lpc17xx.o(.text)
    BusFault_Handler                         0x00000247   Thumb Code     2  startup_lpc17xx.o(.text)
    UsageFault_Handler                       0x00000249   Thumb Code     2  startup_lpc17xx.o(.text)
    DebugMon_Handler                         0x0000024d   Thumb Code     2  startup_lpc17xx.o(.text)
    ADC_IRQHandler                           0x00000253   Thumb Code     0  startup_lpc17xx.o(.text)
    BOD_IRQHandler                           0x00000253   Thumb Code     0  startup_lpc17xx.o(.text)
    CANActivity_IRQHandler                   0x00000253   Thumb Code     0  startup_lpc17xx.o(.text)
    CAN_IRQHandler                           0x00000253   Thumb Code     0  startup_lpc17xx.o(.text)
    DMA_IRQHandler                           0x00000253   Thumb Code     0  startup_lpc17xx.o(.text)
    EINT0_IRQHandler                         0x00000253   Thumb Code     0  startup_lpc17xx.o(.text)
    EINT1_IRQHandler                         0x00000253   Thumb Code     0  startup_lpc17xx.o(.text)
    EINT2_IRQHandler                         0x00000253   Thumb Code     0  startup_lpc17xx.o(.text)
    EINT3_IRQHandler                         0x00000253   Thumb Code     0  startup_lpc17xx.o(.text)
    ENET_IRQHandler                          0x00000253   Thumb Code     0  startup_lpc17xx.o(.text)
    I2C0_IRQHandler                          0x00000253   Thumb Code     0  startup_lpc17xx.o(.text)
    I2C1_IRQHandler                          0x00000253   Thumb Code     0  startup_lpc17xx.o(.text)
    I2C2_IRQHandler                          0x00000253   Thumb Code     0  startup_lpc17xx.o(.text)
    I2S_IRQHandler                           0x00000253   Thumb Code     0  startup_lpc17xx.o(.text)
    MCPWM_IRQHandler                         0x00000253   Thumb Code     0  startup_lpc17xx.o(.text)
    PLL0_IRQHandler                          0x00000253   Thumb Code     0  startup_lpc17xx.o(.text)
    PLL1_IRQHandler                          0x00000253   Thumb Code     0  startup_lpc17xx.o(.text)
    PWM1_IRQHandler                          0x00000253   Thumb Code     0  startup_lpc17xx.o(.text)
    QEI_IRQHandler                           0x00000253   Thumb Code     0  startup_lpc17xx.o(.text)
    RIT_IRQHandler                           0x00000253   Thumb Code     0  startup_lpc17xx.o(.text)
    RTC_IRQHandler                           0x00000253   Thumb Code     0  startup_lpc17xx.o(.text)
    SPI_IRQHandler                           0x00000253   Thumb Code     0  startup_lpc17xx.o(.text)
    SSP0_IRQHandler                          0x00000253   Thumb Code     0  startup_lpc17xx.o(.text)
    SSP1_IRQHandler                          0x00000253   Thumb Code     0  startup_lpc17xx.o(.text)
    TIMER0_IRQHandler                        0x00000253   Thumb Code     0  startup_lpc17xx.o(.text)
    TIMER1_IRQHandler                        0x00000253   Thumb Code     0  startup_lpc17xx.o(.text)
    TIMER2_IRQHandler                        0x00000253   Thumb Code     0  startup_lpc17xx.o(.text)
    TIMER3_IRQHandler                        0x00000253   Thumb Code     0  startup_lpc17xx.o(.text)
    UART0_IRQHandler                         0x00000253   Thumb Code     0  startup_lpc17xx.o(.text)
    UART1_IRQHandler                         0x00000253   Thumb Code     0  startup_lpc17xx.o(.text)
    UART2_IRQHandler                         0x00000253   Thumb Code     0  startup_lpc17xx.o(.text)
    UART3_IRQHandler                         0x00000253   Thumb Code     0  startup_lpc17xx.o(.text)
    USBActivity_IRQHandler                   0x00000253   Thumb Code     0  startup_lpc17xx.o(.text)
    USB_IRQHandler                           0x00000253   Thumb Code     0  startup_lpc17xx.o(.text)
    WDT_IRQHandler                           0x00000253   Thumb Code     0  startup_lpc17xx.o(.text)
    os_idle_demon                            0x0000025d   Thumb Code     2  rtx_conf_cm.o(.text)
    os_tmr_call                              0x0000025f   Thumb Code     2  rtx_conf_cm.o(.text)
    os_error                                 0x00000261   Thumb Code     2  rtx_conf_cm.o(.text)
    LED_Init                                 0x00000265   Thumb Code    32  led.o(.text)
    LED_On                                   0x00000285   Thumb Code    28  led.o(.text)
    LED_Off                                  0x000002a1   Thumb Code    28  led.o(.text)
    LED_Out                                  0x000002bd   Thumb Code    36  led.o(.text)
    SVC_Count                                0x000002ec   Data           4  svc_table.o(SVC_TABLE)
    SVC_Table                                0x000002f0   Data           0  svc_table.o(SVC_TABLE)
    __scatterload_null                       0x000002f1   Thumb Code     2  handlers.o(i.__scatterload_null)
    os_tick_irqack                           0x000002f3   Thumb Code     2  rt_system.o(i.os_tick_irqack)
    rt_dly_wait                              0x000002f5   Thumb Code     6  rt_time.o(i.rt_dly_wait)
    os_maxtaskrun                            0x000002fa   Data           2  rtx_conf_cm.o(.constdata)
    SystemCoreClockUpdate                    0x00000301   Thumb Code   184  system_lpc17xx.o(.text)
    SystemInit                               0x000003b9   Thumb Code   196  system_lpc17xx.o(.text)
    __RL_RTX_VER                             0x00000475   Number         0  rt_system.o ABSOLUTE
    GLCD_Init                                0x00000507   Thumb Code  1478  glcd_spi_lpc1700.o(.text)
    GLCD_SetWindow                           0x00000acd   Thumb Code   148  glcd_spi_lpc1700.o(.text)
    GLCD_WindowMax                           0x00000b61   Thumb Code    12  glcd_spi_lpc1700.o(.text)
    GLCD_PutPixel                            0x00000b6d   Thumb Code   118  glcd_spi_lpc1700.o(.text)
    GLCD_SetTextColor                        0x00000be3   Thumb Code     8  glcd_spi_lpc1700.o(.text)
    GLCD_SetBackColor                        0x00000beb   Thumb Code     8  glcd_spi_lpc1700.o(.text)
    GLCD_Clear                               0x00000bf3   Thumb Code    44  glcd_spi_lpc1700.o(.text)
    GLCD_DrawChar                            0x00000c1f   Thumb Code   140  glcd_spi_lpc1700.o(.text)
    GLCD_DisplayChar                         0x00000cab   Thumb Code    66  glcd_spi_lpc1700.o(.text)
    GLCD_DisplayString                       0x00000ced   Thumb Code    36  glcd_spi_lpc1700.o(.text)
    GLCD_ClearLn                             0x00000d11   Thumb Code    72  glcd_spi_lpc1700.o(.text)
    GLCD_Bargraph                            0x00000d59   Thumb Code    84  glcd_spi_lpc1700.o(.text)
    GLCD_Bitmap                              0x00000dad   Thumb Code    64  glcd_spi_lpc1700.o(.text)
    GLCD_ScrollVertical                      0x00000ded   Thumb Code     2  glcd_spi_lpc1700.o(.text)
    GLCD_WrCmd                               0x00000def   Thumb Code     4  glcd_spi_lpc1700.o(.text)
    GLCD_WrReg                               0x00000df3   Thumb Code     4  glcd_spi_lpc1700.o(.text)
    LED_on                                   0x00000efd   Thumb Code    58  blinky.o(.text)
    LED_off                                  0x00000f37   Thumb Code    58  blinky.o(.text)
    signal_func                              0x00000f71   Thumb Code    66  blinky.o(.text)
    phaseA                                   0x00000fb3   Thumb Code    38  blinky.o(.text)
    phaseB                                   0x00000fd9   Thumb Code    38  blinky.o(.text)
    phaseC                                   0x00000fff   Thumb Code    38  blinky.o(.text)
    phaseD                                   0x00001025   Thumb Code    38  blinky.o(.text)
    clock                                    0x0000104b   Thumb Code    42  blinky.o(.text)
    lcd                                      0x00001075   Thumb Code   162  blinky.o(.text)
    init                                     0x00001117   Thumb Code   138  blinky.o(.text)
    main                                     0x000011a1   Thumb Code    40  blinky.o(.text)
    __aeabi_uldivmod                         0x0000123d   Thumb Code    98  uldiv.o(.text)
    __aeabi_llsl                             0x0000129f   Thumb Code    30  llshl.o(.text)
    _ll_shift_l                              0x0000129f   Thumb Code     0  llshl.o(.text)
    __aeabi_llsr                             0x000012bd   Thumb Code    32  llushr.o(.text)
    _ll_ushift_r                             0x000012bd   Thumb Code     0  llushr.o(.text)
    __scatterload                            0x000012dd   Thumb Code    28  init.o(.text)
    __scatterload_rt2                        0x000012dd   Thumb Code     0  init.o(.text)
    __scatterload_copy                       0x00001301   Thumb Code    14  handlers.o(i.__scatterload_copy)
    __scatterload_zeroinit                   0x0000130f   Thumb Code    14  handlers.o(i.__scatterload_zeroinit)
    _init_box                                0x0000131d   Thumb Code    70  rt_membox.o(i._init_box)
    dbg_init                                 0x00001365   Thumb Code    34  hal_cm3.o(i.dbg_init)
    dbg_task_notify                          0x00001395   Thumb Code    32  hal_cm3.o(i.dbg_task_notify)
    dbg_task_switch                          0x000013b5   Thumb Code    16  hal_cm3.o(i.dbg_task_switch)
    os_tick_init                             0x000013c5   Thumb Code    32  rt_system.o(i.os_tick_init)
    rt_alloc_box                             0x000013ed   Thumb Code    26  rt_membox.o(i.rt_alloc_box)
    rt_block                                 0x00001409   Thumb Code    48  rt_task.o(i.rt_block)
    rt_chk_robin                             0x00001441   Thumb Code    60  rt_robin.o(i.rt_chk_robin)
    rt_dec_dly                               0x00001489   Thumb Code   106  rt_list.o(i.rt_dec_dly)
    rt_dispatch                              0x000014fd   Thumb Code    60  rt_task.o(i.rt_dispatch)
    rt_evt_psh                               0x00001541   Thumb Code    72  rt_event.o(i.rt_evt_psh)
    rt_evt_set                               0x0000158d   Thumb Code    90  rt_event.o(i.rt_evt_set)
    rt_evt_wait                              0x000015ed   Thumb Code    56  rt_event.o(i.rt_evt_wait)
    rt_free_box                              0x00001629   Thumb Code    32  rt_membox.o(i.rt_free_box)
    rt_get_first                             0x00001649   Thumb Code    40  rt_list.o(i.rt_get_first)
    rt_init_robin                            0x000016bd   Thumb Code    14  rt_robin.o(i.rt_init_robin)
    rt_init_stack                            0x000016d5   Thumb Code    70  hal_cm3.o(i.rt_init_stack)
    rt_mbx_psh                               0x00001725   Thumb Code   206  rt_mailbox.o(i.rt_mbx_psh)
    rt_mut_init                              0x000017f9   Thumb Code    16  rt_mutex.o(i.rt_mut_init)
    rt_mut_release                           0x00001809   Thumb Code   220  rt_mutex.o(i.rt_mut_release)
    rt_mut_wait                              0x000018ed   Thumb Code   100  rt_mutex.o(i.rt_mut_wait)
    rt_pop_req                               0x00001955   Thumb Code   112  rt_system.o(i.rt_pop_req)
    rt_put_dly                               0x000019d1   Thumb Code    68  rt_list.o(i.rt_put_dly)
    rt_put_prio                              0x00001a19   Thumb Code    54  rt_list.o(i.rt_put_prio)
    rt_put_rdy_first                         0x00001a51   Thumb Code    14  rt_list.o(i.rt_put_rdy_first)
    rt_resort_prio                           0x00001a65   Thumb Code    46  rt_list.o(i.rt_resort_prio)
    rt_rmv_dly                               0x00001a99   Thumb Code    40  rt_list.o(i.rt_rmv_dly)
    rt_rmv_list                              0x00001ac1   Thumb Code    44  rt_list.o(i.rt_rmv_list)
    rt_sem_psh                               0x00001af1   Thumb Code    46  rt_semaphore.o(i.rt_sem_psh)
    rt_stk_check                             0x00001b25   Thumb Code    28  rt_system.o(i.rt_stk_check)
    rt_switch_req                            0x00001b49   Thumb Code    30  rt_task.o(i.rt_switch_req)
    rt_sys_init                              0x00001b71   Thumb Code   268  rt_task.o(i.rt_sys_init)
    rt_systick                               0x00001cc5   Thumb Code    50  rt_system.o(i.rt_systick)
    rt_tmr_tick                              0x00001d05   Thumb Code    56  rt_timer.o(i.rt_tmr_tick)
    rt_tsk_create                            0x00001d45   Thumb Code   122  rt_task.o(i.rt_tsk_create)
    rt_tsk_delete                            0x00001dd5   Thumb Code   336  rt_task.o(i.rt_tsk_delete)
    os_stackinfo                             0x00001f40   Data           4  rtx_conf_cm.o(.constdata)
    os_rrobin                                0x00001f44   Data           4  rtx_conf_cm.o(.constdata)
    os_trv                                   0x00001f48   Data           4  rtx_conf_cm.o(.constdata)
    os_flags                                 0x00001f4c   Data           1  rtx_conf_cm.o(.constdata)
    os_clockrate                             0x00001f50   Data           4  rtx_conf_cm.o(.constdata)
    os_timernum                              0x00001f54   Data           4  rtx_conf_cm.o(.constdata)
    mp_tcb_size                              0x00001f58   Data           2  rtx_conf_cm.o(.constdata)
    mp_stk_size                              0x00001f5c   Data           4  rtx_conf_cm.o(.constdata)
    os_fifo_size                             0x00001f60   Data           1  rtx_conf_cm.o(.constdata)
    mp_tmr_size                              0x00001f62   Data           2  rtx_conf_cm.o(.constdata)
    Font_6x8_h                               0x00001f64   Data         896  glcd_spi_lpc1700.o(.constdata)
    Font_16x24_h                             0x000022e4   Data        5376  glcd_spi_lpc1700.o(.constdata)
    led_mask                                 0x000037e4   Data          32  led.o(.constdata)
    RL_RTX_Version                           0x00003804   Data           4  rt_system.o(.constdata)
    Region$$Table$$Base                      0x00003808   Number         0  anon$$obj.o(Region$$Table)
    Region$$Table$$Limit                     0x00003828   Number         0  anon$$obj.o(Region$$Table)
    SystemCoreClock                          0x10000000   Data           4  system_lpc17xx.o(.data)
    m_tmr                                    0x10000004   Data           4  rtx_conf_cm.o(.data)
    t_phaseA                                 0x10000010   Data           4  blinky.o(.data)
    t_phaseB                                 0x10000014   Data           4  blinky.o(.data)
    t_phaseC                                 0x10000018   Data           4  blinky.o(.data)
    t_phaseD                                 0x1000001c   Data           4  blinky.o(.data)
    t_clock                                  0x10000020   Data           4  blinky.o(.data)
    t_lcd                                    0x10000024   Data           4  blinky.o(.data)
    os_tsk                                   0x10000028   Data           8  rt_task.o(.data)
    os_time                                  0x10000030   Data           4  rt_time.o(.data)
    dbg_msg                                  0x10000034   Data           1  hal_cm3.o(.data)
    os_tick_irqn                             0x1000003c   Data           4  rt_system.o(.data)
    os_robin                                 0x10000040   Data           8  rt_robin.o(.data)
    os_tmr                                   0x10000048   Data           8  rt_timer.o(.data)
    mp_tcb                                   0x10000050   Data         404  rtx_conf_cm.o(.bss)
    mp_stk                                   0x100001e8   Data        1616  rtx_conf_cm.o(.bss)
    os_fifo                                  0x10000838   Data         132  rtx_conf_cm.o(.bss)
    os_active_TCB                            0x100008bc   Data          28  rtx_conf_cm.o(.bss)
    mut_GLCD                                 0x100008d8   Data          16  blinky.o(.bss)
    os_idle_TCB                              0x100008e8   Data          56  rt_task.o(.bss)
    os_rdy                                   0x10000920   Data          24  rt_list.o(.bss)
    os_dly                                   0x10000938   Data          24  rt_list.o(.bss)
    __initial_sp                             0x10000b50   Data           0  startup_lpc17xx.o(STACK)



==============================================================================

Memory Map of the image

  Image Entry point : 0x000000cd

  Load Region LR_IROM1 (Base: 0x00000000, Size: 0x00003878, Max: 0x00080000, ABSOLUTE)

    Execution Region ER_IROM1 (Exec base: 0x00000000, Load base: 0x00000000, Size: 0x00003828, Max: 0x00080000, ABSOLUTE)

    Exec Addr    Load Addr    Size         Type   Attr      Idx    E Section Name        Object

    0x00000000   0x00000000   0x000000cc   Data   RO            3    RESET               startup_lpc17xx.o
    0x000000cc   0x000000cc   0x00000000   Code   RO          770  * .ARM.Collect$$$$00000000  mc_w.l(entry.o)
    0x000000cc   0x000000cc   0x00000004   Code   RO          775    .ARM.Collect$$$$00000001  mc_w.l(entry2.o)
    0x000000d0   0x000000d0   0x00000004   Code   RO          778    .ARM.Collect$$$$00000004  mc_w.l(entry5.o)
    0x000000d4   0x000000d4   0x00000000   Code   RO          780    .ARM.Collect$$$$00000008  mc_w.l(entry7b.o)
    0x000000d4   0x000000d4   0x00000000   Code   RO          782    .ARM.Collect$$$$0000000A  mc_w.l(entry8b.o)
    0x000000d4   0x000000d4   0x00000008   Code   RO          783    .ARM.Collect$$$$0000000B  mc_w.l(entry9a.o)
    0x000000dc   0x000000dc   0x00000004   Code   RO          790    .ARM.Collect$$$$0000000E  mc_w.l(entry12b.o)
    0x000000e0   0x000000e0   0x00000000   Code   RO          785    .ARM.Collect$$$$0000000F  mc_w.l(entry10a.o)
    0x000000e0   0x000000e0   0x00000000   Code   RO          787    .ARM.Collect$$$$00000011  mc_w.l(entry11a.o)
    0x000000e0   0x000000e0   0x00000004   Code   RO          776    .ARM.Collect$$$$00002712  mc_w.l(entry2.o)
    0x000000e4   0x000000e4   0x00000154   Code   RO          396    .emb_text           RTX_CM3.LIB(hal_cm3.o)
    0x00000238   0x00000238   0x00000024   Code   RO            5    .text               startup_lpc17xx.o
    0x0000025c   0x0000025c   0x00000006   Code   RO           56    .text               rtx_conf_cm.o
    0x00000262   0x00000262   0x00000002   PAD
    0x00000264   0x00000264   0x00000088   Code   RO          138    .text               led.o
    0x000002ec   0x000002ec   0x00000004   Code   RO          656    SVC_TABLE           RTX_CM3.LIB(svc_table.o)
    0x000002f0   0x000002f0   0x00000002   Code   RO          800    i.__scatterload_null  mc_w.l(handlers.o)
    0x000002f2   0x000002f2   0x00000002   Code   RO          439    i.os_tick_irqack    RTX_CM3.LIB(rt_system.o)
    0x000002f4   0x000002f4   0x00000006   Code   RO          339    i.rt_dly_wait       RTX_CM3.LIB(rt_time.o)
    0x000002fa   0x000002fa   0x00000002   Data   RO           61    .constdata          rtx_conf_cm.o
    0x000002fc   0x000002fc   0x00000004   Code   RO            4    .ARM.__at_0x02FC    startup_lpc17xx.o
    0x00000300   0x00000300   0x0000019c   Code   RO           15    .text               system_lpc17xx.o
    0x0000049c   0x0000049c   0x00000a60   Code   RO           93    .text               glcd_spi_lpc1700.o
    0x00000efc   0x00000efc   0x00000340   Code   RO          172    .text               blinky.o
    0x0000123c   0x0000123c   0x00000062   Code   RO          773    .text               mc_w.l(uldiv.o)
    0x0000129e   0x0000129e   0x0000001e   Code   RO          791    .text               mc_w.l(llshl.o)
    0x000012bc   0x000012bc   0x00000020   Code   RO          793    .text               mc_w.l(llushr.o)
    0x000012dc   0x000012dc   0x00000024   Code   RO          795    .text               mc_w.l(init.o)
    0x00001300   0x00001300   0x0000000e   Code   RO          799    i.__scatterload_copy  mc_w.l(handlers.o)
    0x0000130e   0x0000130e   0x0000000e   Code   RO          801    i.__scatterload_zeroinit  mc_w.l(handlers.o)
    0x0000131c   0x0000131c   0x00000046   Code   RO          623    i._init_box         RTX_CM3.LIB(rt_membox.o)
    0x00001362   0x00001362   0x00000002   PAD
    0x00001364   0x00001364   0x00000030   Code   RO          397    i.dbg_init          RTX_CM3.LIB(hal_cm3.o)
    0x00001394   0x00001394   0x00000020   Code   RO          398    i.dbg_task_notify   RTX_CM3.LIB(hal_cm3.o)
    0x000013b4   0x000013b4   0x00000010   Code   RO          399    i.dbg_task_switch   RTX_CM3.LIB(hal_cm3.o)
    0x000013c4   0x000013c4   0x00000028   Code   RO          438    i.os_tick_init      RTX_CM3.LIB(rt_system.o)
    0x000013ec   0x000013ec   0x0000001a   Code   RO          624    i.rt_alloc_box      RTX_CM3.LIB(rt_membox.o)
    0x00001406   0x00001406   0x00000002   PAD
    0x00001408   0x00001408   0x00000038   Code   RO          194    i.rt_block          RTX_CM3.LIB(rt_task.o)
    0x00001440   0x00001440   0x00000048   Code   RO          601    i.rt_chk_robin      RTX_CM3.LIB(rt_robin.o)
    0x00001488   0x00001488   0x00000074   Code   RO          522    i.rt_dec_dly        RTX_CM3.LIB(rt_list.o)
    0x000014fc   0x000014fc   0x00000044   Code   RO          195    i.rt_dispatch       RTX_CM3.LIB(rt_task.o)
    0x00001540   0x00001540   0x0000004c   Code   RO          296    i.rt_evt_psh        RTX_CM3.LIB(rt_event.o)
    0x0000158c   0x0000158c   0x00000060   Code   RO          297    i.rt_evt_set        RTX_CM3.LIB(rt_event.o)
    0x000015ec   0x000015ec   0x0000003c   Code   RO          298    i.rt_evt_wait       RTX_CM3.LIB(rt_event.o)
    0x00001628   0x00001628   0x00000020   Code   RO          625    i.rt_free_box       RTX_CM3.LIB(rt_membox.o)
    0x00001648   0x00001648   0x00000028   Code   RO          523    i.rt_get_first      RTX_CM3.LIB(rt_list.o)
    0x00001670   0x00001670   0x0000004c   Code   RO          196    i.rt_init_context   RTX_CM3.LIB(rt_task.o)
    0x000016bc   0x000016bc   0x00000018   Code   RO          602    i.rt_init_robin     RTX_CM3.LIB(rt_robin.o)
    0x000016d4   0x000016d4   0x00000050   Code   RO          400    i.rt_init_stack     RTX_CM3.LIB(hal_cm3.o)
    0x00001724   0x00001724   0x000000d4   Code   RO          663    i.rt_mbx_psh        RTX_CM3.LIB(rt_mailbox.o)
    0x000017f8   0x000017f8   0x00000010   Code   RO          372    i.rt_mut_init       RTX_CM3.LIB(rt_mutex.o)
    0x00001808   0x00001808   0x000000e4   Code   RO          373    i.rt_mut_release    RTX_CM3.LIB(rt_mutex.o)
    0x000018ec   0x000018ec   0x00000068   Code   RO          374    i.rt_mut_wait       RTX_CM3.LIB(rt_mutex.o)
    0x00001954   0x00001954   0x0000007c   Code   RO          440    i.rt_pop_req        RTX_CM3.LIB(rt_system.o)
    0x000019d0   0x000019d0   0x00000048   Code   RO          526    i.rt_put_dly        RTX_CM3.LIB(rt_list.o)
    0x00001a18   0x00001a18   0x00000036   Code   RO          527    i.rt_put_prio       RTX_CM3.LIB(rt_list.o)
    0x00001a4e   0x00001a4e   0x00000002   PAD
    0x00001a50   0x00001a50   0x00000014   Code   RO          528    i.rt_put_rdy_first  RTX_CM3.LIB(rt_list.o)
    0x00001a64   0x00001a64   0x00000034   Code   RO          529    i.rt_resort_prio    RTX_CM3.LIB(rt_list.o)
    0x00001a98   0x00001a98   0x00000028   Code   RO          530    i.rt_rmv_dly        RTX_CM3.LIB(rt_list.o)
    0x00001ac0   0x00001ac0   0x00000030   Code   RO          531    i.rt_rmv_list       RTX_CM3.LIB(rt_list.o)
    0x00001af0   0x00001af0   0x00000034   Code   RO          709    i.rt_sem_psh        RTX_CM3.LIB(rt_semaphore.o)
    0x00001b24   0x00001b24   0x00000024   Code   RO          443    i.rt_stk_check      RTX_CM3.LIB(rt_system.o)
    0x00001b48   0x00001b48   0x00000028   Code   RO          197    i.rt_switch_req     RTX_CM3.LIB(rt_task.o)
    0x00001b70   0x00001b70   0x00000154   Code   RO          198    i.rt_sys_init       RTX_CM3.LIB(rt_task.o)
    0x00001cc4   0x00001cc4   0x00000040   Code   RO          445    i.rt_systick        RTX_CM3.LIB(rt_system.o)
    0x00001d04   0x00001d04   0x00000040   Code   RO          745    i.rt_tmr_tick       RTX_CM3.LIB(rt_timer.o)
    0x00001d44   0x00001d44   0x00000090   Code   RO          199    i.rt_tsk_create     RTX_CM3.LIB(rt_task.o)
    0x00001dd4   0x00001dd4   0x0000016c   Code   RO          200    i.rt_tsk_delete     RTX_CM3.LIB(rt_task.o)
    0x00001f40   0x00001f40   0x00000004   Data   RO           62    .constdata          rtx_conf_cm.o
    0x00001f44   0x00001f44   0x00000004   Data   RO           63    .constdata          rtx_conf_cm.o
    0x00001f48   0x00001f48   0x00000004   Data   RO           64    .constdata          rtx_conf_cm.o
    0x00001f4c   0x00001f4c   0x00000001   Data   RO           65    .constdata          rtx_conf_cm.o
    0x00001f4d   0x00001f4d   0x00000003   PAD
    0x00001f50   0x00001f50   0x00000008   Data   RO           66    .constdata          rtx_conf_cm.o
    0x00001f58   0x00001f58   0x00000002   Data   RO           67    .constdata          rtx_conf_cm.o
    0x00001f5a   0x00001f5a   0x00000002   PAD
    0x00001f5c   0x00001f5c   0x00000004   Data   RO           68    .constdata          rtx_conf_cm.o
    0x00001f60   0x00001f60   0x00000001   Data   RO           69    .constdata          rtx_conf_cm.o
    0x00001f61   0x00001f61   0x00000001   PAD
    0x00001f62   0x00001f62   0x00000002   Data   RO           70    .constdata          rtx_conf_cm.o
    0x00001f64   0x00001f64   0x00001880   Data   RO           94    .constdata          glcd_spi_lpc1700.o
    0x000037e4   0x000037e4   0x00000020   Data   RO          139    .constdata          led.o
    0x00003804   0x00003804   0x00000004   Data   RO          448    .constdata          RTX_CM3.LIB(rt_system.o)
    0x00003808   0x00003808   0x00000020   Data   RO          797    Region$$Table       anon$$obj.o


    Execution Region RW_IRAM1 (Exec base: 0x10000000, Load base: 0x00003828, Size: 0x00000b50, Max: 0x00008000, ABSOLUTE)

    Exec Addr    Load Addr    Size         Type   Attr      Idx    E Section Name        Object

    0x10000000   0x00003828   0x00000004   Data   RW           16    .data               system_lpc17xx.o
    0x10000004   0x0000382c   0x00000004   Data   RW           71    .data               rtx_conf_cm.o
    0x10000008   0x00003830   0x00000006   Data   RW           95    .data               glcd_spi_lpc1700.o
    0x1000000e   0x00003836   0x00000002   PAD
    0x10000010   0x00003838   0x00000018   Data   RW          174    .data               blinky.o
    0x10000028   0x00003850   0x00000008   Data   RW          205    .data               RTX_CM3.LIB(rt_task.o)
    0x10000030   0x00003858   0x00000004   Data   RW          343    .data               RTX_CM3.LIB(rt_time.o)
    0x10000034   0x0000385c   0x00000001   Data   RW          401    .data               RTX_CM3.LIB(hal_cm3.o)
    0x10000035   0x0000385d   0x00000003   PAD
    0x10000038   0x00003860   0x00000008   Data   RW          449    .data               RTX_CM3.LIB(rt_system.o)
    0x10000040   0x00003868   0x00000008   Data   RW          603    .data               RTX_CM3.LIB(rt_robin.o)
    0x10000048   0x00003870   0x00000008   Data   RW          746    .data               RTX_CM3.LIB(rt_timer.o)
    0x10000050        -       0x00000194   Zero   RW           57    .bss                rtx_conf_cm.o
    0x100001e4   0x00003878   0x00000004   PAD
    0x100001e8        -       0x00000650   Zero   RW           58    .bss                rtx_conf_cm.o
    0x10000838        -       0x00000084   Zero   RW           59    .bss                rtx_conf_cm.o
    0x100008bc        -       0x0000001c   Zero   RW           60    .bss                rtx_conf_cm.o
    0x100008d8        -       0x00000010   Zero   RW          173    .bss                blinky.o
    0x100008e8        -       0x00000038   Zero   RW          204    .bss                RTX_CM3.LIB(rt_task.o)
    0x10000920        -       0x00000030   Zero   RW          532    .bss                RTX_CM3.LIB(rt_list.o)
    0x10000950        -       0x00000200   Zero   RW            1    STACK               startup_lpc17xx.o


==============================================================================

Image component sizes


      Code (inc. data)   RO Data    RW Data    ZI Data      Debug   Object Name

       832        116          0         24         16       2174   blinky.o
      2656         46       6272          6          0       9410   glcd_spi_lpc1700.o
       136         12         32          0          0       1559   led.o
         6          0         32          4       2180       9160   rtx_conf_cm.o
        40         12        204          0        512        972   startup_lpc17xx.o
       412         32          0          4          0       5577   system_lpc17xx.o

    ----------------------------------------------------------------------
      4084        218       6578         40       2712      28852   Object Totals
         0          0         32          0          0          0   (incl. Generated)
         2          0          6          2          4          0   (incl. Padding)

    ----------------------------------------------------------------------

      Code (inc. data)   RO Data    RW Data    ZI Data      Debug   Library Member Name

       516         56          0          1          0       2793   hal_cm3.o
       232         14          0          0          0       1868   rt_event.o
       442         30          0          0         48       4490   rt_list.o
       212          6          0          0          0        781   rt_mailbox.o
       128          0          0          0          0       1785   rt_membox.o
       348         12          0          0          0       1893   rt_mutex.o
        96         22          0          8          0       1046   rt_robin.o
        52          6          0          0          0        537   rt_semaphore.o
       266         42          4          8          0       3301   rt_system.o
      1088        154          0          8         56       7262   rt_task.o
         6          0          0          4          0        576   rt_time.o
        64          8          0          8          0        631   rt_timer.o
         4          4          0          0          0        168   svc_table.o
         0          0          0          0          0          0   entry.o
         0          0          0          0          0          0   entry10a.o
         0          0          0          0          0          0   entry11a.o
         4          0          0          0          0          0   entry12b.o
         8          4          0          0          0          0   entry2.o
         4          0          0          0          0          0   entry5.o
         0          0          0          0          0          0   entry7b.o
         0          0          0          0          0          0   entry8b.o
         8          4          0          0          0          0   entry9a.o
        30          0          0          0          0          0   handlers.o
        36          8          0          0          0         68   init.o
        30          0          0          0          0         68   llshl.o
        32          0          0          0          0         68   llushr.o
        98          0          0          0          0         92   uldiv.o

    ----------------------------------------------------------------------
      3710        370          4         40        104      27427   Library Totals
         6          0          0          3          0          0   (incl. Padding)

    ----------------------------------------------------------------------

      Code (inc. data)   RO Data    RW Data    ZI Data      Debug   Library Name

      3454        354          4         37        104      27131   RTX_CM3.LIB
       250         16          0          0          0        296   mc_w.l

    ----------------------------------------------------------------------
      3710        370          4         40        104      27427   Library Totals

    ----------------------------------------------------------------------

==============================================================================


      Code (inc. data)   RO Data    RW Data    ZI Data      Debug   

      7794        588       6582         80       2816      53935   Grand Totals
      7794        588       6582         80       2816      53935   ELF Image Totals
      7794        588       6582         80          0          0   ROM Totals

==============================================================================

    Total RO  Size (Code + RO Data)                14376 (  14.04kB)
    Total RW  Size (RW Data + ZI Data)              2896 (   2.83kB)
    Total ROM Size (Code + RO Data + RW Data)      14456 (  14.12kB)

==============================================================================

