<html>
<body>
<pre>
<h1>µVision Build Log</h1>
<h2>Tool Versions:</h2>
IDE-Version: µVision V5.27.1.0
Copyright (C) 2019 ARM Ltd and ARM Germany GmbH. All rights reserved.
License Information: Nam Phan , IU, LIC=----
 
Tool Versions:
Toolchain:       MDK-Lite  Version: 5.34.0.0
Toolchain Path:  D:\lab embedded\ARM\ARMCC\Bin
C Compiler:      Armcc.exe V5.06 update 7 (build 960)
Assembler:       Armasm.exe V5.06 update 7 (build 960)
Linker/Locator:  ArmLink.exe V5.06 update 7 (build 960)
Library Manager: ArmAr.exe V5.06 update 7 (build 960)
Hex Converter:   FromElf.exe V5.06 update 7 (build 960)
CPU DLL:         SARMCM3.DLL V5.34.0.0
Dialog DLL:      DARMP1.DLL V1.27.0.0
Target DLL:      UL2CM3.DLL V1.163.9.0
Dialog DLL:      TARMP1.DLL V1.26.0.0
 
<h2>Project:</h2>
D:\embedded ta\Code LAB 5-6\RTOS\RTX_Blinky\Blinky.uvproj
Project File Date:  05/12/2022

<h2>Output:</h2>
*** Using Compiler 'V5.06 update 7 (build 960)', folder: 'D:\lab embedded\ARM\ARMCC\Bin'
Rebuild target 'LPC1768 Flash'
assembling startup_LPC17xx.s...
compiling RTX_Conf_CM.c...
compiling LED.c...
compiling system_LPC17xx.c...
compiling Blinky.c...
compiling GLCD_SPI_LPC1700.c...
linking...
Program Size: Code=7794 RO-data=6582 RW-data=80 ZI-data=2816  
".\Flash\Blinky.axf" - 0 Error(s), 0 Warning(s).
Build Time Elapsed:  00:00:01
</pre>
</body>
</html>
